[dotenv@17.2.3] injecting env (0) from .env -- tip: ⚙️  specify custom .env file path with { path: '/custom/path/.env' }
🧪 Testing StudyForge Generation APIs

==================================================

📝 Test 1: Quiz Generation (3 easy questions)
--------------------------------------------------
📝 Generating easy quiz with 3 questions...
✅ Generated 3 quiz questions
✅ Generated 3 questions

Sample Question:
Q: What is the primary purpose of JSX in React?
  ✓ 1. To enable writing HTML-like code in JavaScript for better readability
    2. To directly manipulate the browser's DOM
    3. To handle server-side rendering for React applications
    4. To manage global state across components
💡 Explanation: JSX allows developers to write HTML-like syntax within JavaScript, making the code more readable and easier to understand. React compiles JSX into regular JavaScript objects that interact with the virtual DOM.


🎴 Test 2: Flashcard Generation (5 cards)
--------------------------------------------------
🎴 Generating 5 flashcards...
✅ Generated 5 flashcards
✅ Generated 5 flashcards

Sample Card:
Term: Components
Definition: Reusable UI building blocks that encapsulate functionality and appearance. Can be functional or class-based, with functional components now preferred using React Hooks.
Example: A Button component that handles click events and displays text


📚 Test 3: Syllabus Generation
--------------------------------------------------
📚 Generating syllabus...
✅ Syllabus generated successfully
✅ Generated syllabus with 5 chapters

Syllabus Structure:

1. Core Concepts
   1.1 Components
   1.2 JSX
   1.3 Virtual DOM
   1.4 Props

2. State & Hooks
   2.1 State Management
   2.2 React Hooks
   2.3 Lifecycle Methods

3. Key Features
   3.1 Component Reusability
   3.2 Declarative UI
   3.3 Unidirectional Data Flow
   3.4 React Developer Tools

4. Ecosystem Overview
   4.1 React Router
   4.2 State Management Tools
   4.3 Next.js & React Native
   4.4 UI Libraries

5. Best Practices
   5.1 Component Design Principles
   5.2 Functional Components & Hooks
   5.3 Performance Optimization
   5.4 Type Checking & Testing


==================================================
✅ All tests completed successfully!
==================================================
